ets Jul 29 2019 12:�ets Jul 29 2019 12:21:46

rst:0x1 (POWERON_RESET),boot:0x3 (DOWNLOAD_BOOT(UART0/UART1/SDIO_REI_REO_V2))
waiting for download
ets Jul 29 2019 12:21:46

rst:0x1 (POWERON_RESET),boot:0x13 (SPI_FAST_FLASH_BOOT)
configsip: 0, SPIWP:0xee
clk_drv:0x00,q_drv:0x00,d_drv:0x00,cs0_drv:0x00,hd_drv:0x00,wp_drv:0x00
mode:DIO, clock div:2
load:0x3fff0030,len:6260
load:0x40078000,len:15632
ho 0 tail 12 room 4
load:0x40080400,len:4
load:0x40080404,len:3904
entry 0x40080640
[0;32mI (31) boot: ESP-IDF v5.2.7 2nd stage bootloader[0m
[0;32mI (31) boot: compile time Jun  3 2026 15:51:59[0m
[0;32mI (31) boot: Multicore bootloader[0m
[0;32mI (33) boot: chip revision: v3.1[0m
[0;32mI (35) boot.esp32: SPI Speed      : 40MHz[0m
[0;32mI (39) boot.esp32: SPI Mode       : DIO[0m
[0;32mI (43) boot.esp32: SPI Flash Size : 2MB[0m
[0;32mI (46) boot: Enabling RNG early entropy source...[0m
[0;32mI (51) boot: Partition Table:[0m
[0;32mI (53) boot: ## Label            Usage          Type ST Offset   Length[0m
[0;32mI (60) boot:  0 nvs              WiFi data        01 02 00009000 00006000[0m
[0;32mI (66) boot:  1 phy_init         RF data          01 01 0000f000 00001000[0m
[0;32mI (73) boot:  2 factory          factory app      00 00 00010000 00100000[0m
[0;32mI (79) boot: End of partition table[0m
[0;32mI (82) esp_image: segment 0: paddr=00010020 vaddr=3f400020 size=09774h ( 38772) map[0m
[0;32mI (103) esp_image: segment 1: paddr=0001979c vaddr=3ffb0000 size=026c8h (  9928) load[0m
[0;32mI (107) esp_image: segment 2: paddr=0001be6c vaddr=40080000 size=041ach ( 16812) load[0m
[0;32mI (114) esp_image: segment 3: paddr=00020020 vaddr=400d0020 size=11180h ( 70016) map[0m
[0;32mI (139) esp_image: segment 4: paddr=000311a8 vaddr=400841ac size=08950h ( 35152) load[0m
[0;32mI (159) boot: Loaded app from partition at offset 0x10000[0m
[0;32mI (159) boot: Disabling RNG early entropy source...[0m
[0;32mI (169) cpu_start: Multicore app[0m
[0;32mI (178) cpu_start: Pro cpu start user code[0m
[0;32mI (178) cpu_start: cpu freq: 160000000 Hz[0m
[0;32mI (178) cpu_start: Application information:[0m
[0;32mI (178) cpu_start: Project name:     inmp441-reader[0m
[0;32mI (183) cpu_start: App version:      8eb9e5d-dirty[0m
[0;32mI (187) cpu_start: Compile time:     Jun  3 2026 15:50:16[0m
[0;32mI (193) cpu_start: ELF file SHA256:  e95f48710...[0m
[0;32mI (197) cpu_start: ESP-IDF:          v5.2.7[0m
[0;32mI (201) cpu_start: Min chip rev:     v0.0[0m
[0;32mI (205) cpu_start: Max chip rev:     v3.99 [0m
[0;32mI (208) cpu_start: Chip rev:         v3.1[0m
[0;32mI (213) heap_init: Initializing. RAM available for dynamic allocation:[0m
[0;32mI (219) heap_init: At 3FFAE6E0 len 00001920 (6 KiB): DRAM[0m
[0;32mI (224) heap_init: At 3FFB2FB8 len 0002D048 (180 KiB): DRAM[0m
[0;32mI (229) heap_init: At 3FFE0440 len 00003AE0 (14 KiB): D/IRAM[0m
[0;32mI (234) heap_init: At 3FFE4350 len 0001BCB0 (111 KiB): D/IRAM[0m
[0;32mI (240) heap_init: At 4008CAFC len 00013504 (77 KiB): IRAM[0m
[0;32mI (246) spi_flash: detected chip: generic[0m
[0;32mI (249) spi_flash: flash io: dio[0m
[0;33mW (252) spi_flash: Detected size(4096k) larger than the size in the binary image header(2048k). Using the size in the binary image header.[0m
[0;33mW (264) ADC: legacy driver is deprecated, please migrate to `esp_adc/adc_oneshot.h`[0m
[0;33mW (271) i2s(legacy): legacy i2s driver is deprecated, please migrate to use driver/i2s_std.h, driver/i2s_pdm.h or driver/i2s_tdm.h[0m
[0;32mI (283) main_task: Started on CPU0[0m
[0;32mI (293) main_task: Calling app_main()[0m
Start
install err: 0
pin err: 0
start err: 0
read err: 0, bytes_read: 256, samples: 64, total: 64
  [0] 21152
  [1] 21224
  [2] 21112
  [3] 20992
  [4] 21008
  [5] 20992
  [6] 20872
  [7] 20752
  [8] 20816
  [9] 20832
  [10] 20712
  [11] 20608
  [12] 20576
  [13] 20536
  [14] 20400
  [15] 20336
  [16] 20296
  [17] 20176
  [18] 20192
  [19] 20336
  [20] 20432
  [21] 20352
  [22] 20152
  [23] 20144
  [24] 20328
  [25] 20440
  [26] 20408
  [27] 20368
  [28] 20360
  [29] 20376
  [30] 20400
  [31] 20384
  [32] 20320
  [33] 20256
  [34] 20184
  [35] 20032
  [36] 19880
  [37] 19800
  [38] 19816
  [39] 19840
  [40] 19792
  [41] 19704
  [42] 19528
  [43] 19352
  [44] 19200
  [45] 19072
  [46] 19048
  [47] 19024
  [48] 19024
  [49] 19024
  [50] 18976
  [51] 18952
  [52] 18968
  [53] 19008
  [54] 19064
  [55] 19184
  [56] 19264
  [57] 19216
  [58] 19152
  [59] 19088
  [60] 19064
  [61] 18992
  [62] 18832
  [63] 18728
read err: 0, bytes_read: 256, samples: 64, total: 128
  [64] -201129984
  [65] -200835072
  [66] -200409088
  [67] -200048640
  [68] -199917568
  [69] -200179712
  [70] -200802304
  [71] -201293824
  [72] -201719808
  [73] -201949184
  [74] -202014720
  [75] -202244096
  [76] -202211328
  [77] -202113024
  [78] -202113024
  [79] -202309632
  [80] -202670080
  [81] -202866688
  [82] -203128832
  [83] -203522048
  [84] -203751424
  [85] -203915264
  [86] -204275712
  [87] -204832768
  [88] -205586432
  [89] -206405632
  [90] -207028224
  [91] -206897152
  [92] -206372864
  [93] -206110720
  [94] -206045184
  [95] -206176256
  [96] -206209024
  [97] -206307328
  [98] -206438400
  [99] -206536704
  [100] -206569472
  [101] -206831616
  [102] -207290368
  [103] -207257600
  [104] -206831616
  [105] -206143488
  [106] -205520896
  [107] -205324288
  [108] -205422592
  [109] -205258752
  [110] -204931072
  [111] -204996608
  [112] -205553664
  [113] -206241792
  [114] -206667776
  [115] -206766080
  [116] -206405632
  [117] -205586432
  [118] -205160448
  [119] -205193216
  [120] -205553664
  [121] -205750272
  [122] -205488128
  [123] -205455360
  [124] -205881344
  [125] -206143488
  [126] -205848576
  [127] -205422592
read err: 0, bytes_read: 256, samples: 64, total: 192
  [128] 510162
  [129] 510160
  [130] 510154
  [131] 510150
  [132] 510164
  [133] 510182
  [134] 510184
  [135] 510172
  [136] 510170
  [137] 510166
  [138] 510192
  [139] 510232
  [140] 510240
  [141] 510230
  [142] 510222
  [143] 510238
  [144] 510264
  [145] 510274
  [146] 510260
  [147] 510226
  [148] 510210
  [149] 510226
  [150] 510230
  [151] 510208
  [152] 510186
  [153] 510184
  [154] 510222
  [155] 510238
  [156] 510210
  [157] 510184
  [158] 510160
  [159] 510144
  [160] 510134
  [161] 510140
  [162] 510158
  [163] 510162
  [164] 510160
  [165] 510156
  [166] 510142
  [167] 510148
  [168] 510186
  [169] 510208
  [170] 510214
  [171] 510212
  [172] 510232
  [173] 510250
  [174] 510228
  [175] 510204
  [176] 510202
  [177] 510216
  [178] 510234
  [179] 510250
  [180] 510260
  [181] 510262
  [182] 510276
  [183] 510300
  [184] 510290
  [185] 510244
  [186] 510236
  [187] 510284
  [188] 510346
  [189] 510400
  [190] 510428
  [191] 510436
read err: 0, bytes_read: 256, samples: 64, total: 256
  [192] 509692
  [193] 509660
  [194] 509642
  [195] 509662
  [196] 509686
  [197] 509684
  [198] 509672
  [199] 509678
  [200] 509704
  [201] 509732
  [202] 509750
  [203] 509766
  [204] 509766
  [205] 509750
  [206] 509744
  [207] 509724
  [208] 509682
  [209] 509638
  [210] 509614
  [211] 509600
  [212] 509586
  [213] 509594
  [214] 509610
  [215] 509614
  [216] 509608
  [217] 509604
  [218] 509600
  [219] 509604
  [220] 509606
  [221] 509602
  [222] 509600
  [223] 509584
  [224] 509570
  [225] 509568
  [226] 509588
  [227] 509636
  [228] 509680
  [229] 509680
  [230] 509658
  [231] 509670
  [232] 509682
  [233] 509690
  [234] 509714
  [235] 509736
  [236] 509740
  [237] 509730
  [238] 509732
  [239] 509730
  [240] 509718
  [241] 509738
  [242] 509788
  [243] 509818
  [244] 509812
  [245] 509786
  [246] 509770
  [247] 509788
  [248] 509840
  [249] 509900
  [250] 509924
  [251] 509930
  [252] 509928
  [253] 509912
  [254] 509904
  [255] 509906
read err: 0, bytes_read: 256, samples: 64, total: 320
  [256] 509692
  [257] 509690
  [258] 509662
  [259] 509642
  [260] 509660
  [261] 509688
  [262] 509712
  [263] 509706
  [264] 509680
  [265] 509670
  [266] 509680
  [267] 509702
  [268] 509718
  [269] 509710
  [270] 509674
  [271] 509636
  [272] 509614
  [273] 509624
  [274] 509634
  [275] 509608
  [276] 509570
  [277] 509556
  [278] 509568
  [279] 509594
  [280] 509622
  [281] 509632
  [282] 509620
  [283] 509608
  [284] 509604
  [285] 509586
  [286] 509580
  [287] 509586
  [288] 509582
  [289] 509558
  [290] 509538
  [291] 509538
  [292] 509536
  [293] 509532
  [294] 509524
  [295] 509534
  [296] 509546
  [297] 509528
  [298] 509504
  [299] 509502
  [300] 509514
  [301] 509498
  [302] 509460
  [303] 509444
  [304] 509460
  [305] 509500
  [306] 509512
  [307] 509482
  [308] 509460
  [309] 509430
  [310] 509410
  [311] 509412
  [312] 509410
  [313] 509418
  [314] 509436
  [315] 509438
  [316] 509426
  [317] 509442
  [318] 509466
  [319] 509478
read err: 0, bytes_read: 256, samples: 64, total: 384
  [320] 509598
  [321] 509606
  [322] 509544
  [323] 509618
  [324] 509590
  [325] 509582
  [326] 509614
  [327] 509564
  [328] 509594
  [329] 509504
  [330] 509540
  [331] 509586
  [332] 509578
  [333] 509582
  [334] 509582
  [335] 509576
  [336] 509588
  [337] 509562
  [338] 509536
  [339] 509548
  [340] 509564
  [341] 509592
  [342] 509618
  [343] 509564
  [344] 509596
  [345] 509630
  [346] 509650
  [347] 509682
  [348] 509640
  [349] 509670
  [350] 509620
  [351] 509614
  [352] 509590
  [353] 509624
  [354] 509578
  [355] 509594
  [356] 509566
  [357] 509618
  [358] 509658
  [359] 509606
  [360] 509640
  [361] 509518
  [362] 509602
  [363] 509528
  [364] 509658
  [365] 509668
  [366] 509568
  [367] 509548
  [368] 509468
  [369] 509508
  [370] 509480
  [371] 509494
  [372] 509518
  [373] 509528
  [374] 509488
  [375] 509462
  [376] 509474
  [377] 509362
  [378] 509390
  [379] 509402
  [380] 509414
  [381] 509550
  [382] 509492
  [383] 509544
read err: 0, bytes_read: 256, samples: 64, total: 448
  [384] 509466
  [385] 509448
  [386] 509414
  [387] 509410
  [388] 509422
  [389] 509420
  [390] 509388
  [391] 509350
  [392] 509312
  [393] 509308
  [394] 509320
  [395] 509316
  [396] 509300
  [397] 509266
  [398] 509262
  [399] 509288
  [400] 509330
  [401] 509362
  [402] 509366
  [403] 509368
  [404] 509354
  [405] 509328
  [406] 509314
  [407] 509326
  [408] 509338
  [409] 509334
  [410] 509342
  [411] 509360
  [412] 509350
  [413] 509296
  [414] 509260
  [415] 509268
  [416] 509270
  [417] 509266
  [418] 509260
  [419] 509232
  [420] 509200
  [421] 509196
  [422] 509222
  [423] 509254
  [424] 509244
  [425] 509204
  [426] 509182
  [427] 509176
  [428] 509164
  [429] 509136
  [430] 509116
  [431] 509112
  [432] 509124
  [433] 509142
  [434] 509146
  [435] 509146
  [436] 509130
  [437] 509098
  [438] 509072
  [439] 509052
  [440] 509052
  [441] 509062
  [442] 509060
  [443] 509048
  [444] 509052
  [445] 509072
  [446] 509072
  [447] 509080
